// Jest Snapshot v1, https://goo.gl/fbAQLP

exports[`ForecastHourlyTable component renders correctly when providing MockUseCase1WhenHasTwoDaysFormattedData which contains next 5 hours when there's only one day's data 1`] = `
<RCTScrollView
  style={
    {
      "maxHeight": 500,
    }
  }
>
  <View>
    <View
      style={
        {
          "alignItems": "center",
          "borderBottomColor": "rgb(0, 122, 255)",
          "borderBottomWidth": 0.5,
          "flex": 1,
          "flexDirection": "row",
          "gap": 16,
          "justifyContent": "space-between",
          "paddingVertical": 12,
        }
      }
    >
      <View
        style={
          {
            "flex": 1,
            "justifyContent": "center",
          }
        }
      >
        <Text
          style={
            [
              {
                "color": "#000",
                "fontSize": 16,
                "fontWeight": "bold",
                "lineHeight": 22,
                "textAlign": "left",
                "textTransform": "none",
              },
              undefined,
            ]
          }
        >
          Now
        </Text>
      </View>
      <Text
        style={
          [
            {
              "color": "rgb(0, 122, 255)",
              "fontSize": 12,
              "fontWeight": "bold",
              "lineHeight": 16,
              "textAlign": "left",
              "textTransform": "none",
            },
            {
              "textTransform": "capitalize",
            },
          ]
        }
      >
        3
        째C
      </Text>
      <Image
        source={
          {
            "uri": "https://cdn.weatherapi.com/weather/64x64/night/266.png",
          }
        }
        style={
          {
            "height": 30,
            "width": 30,
          }
        }
      />
      <View
        style={
          {
            "flex": 1,
            "justifyContent": "center",
          }
        }
      >
        <Text
          style={
            [
              {
                "color": "rgb(0, 122, 255)",
                "fontSize": 12,
                "fontWeight": "bold",
                "lineHeight": 16,
                "textAlign": "right",
                "textTransform": "uppercase",
              },
              {
                "textTransform": "capitalize",
              },
            ]
          }
        >
          Light drizzle
        </Text>
      </View>
    </View>
    <View
      style={
        {
          "alignItems": "center",
          "borderBottomColor": "rgb(0, 122, 255)",
          "borderBottomWidth": 0.5,
          "flex": 1,
          "flexDirection": "row",
          "gap": 16,
          "justifyContent": "space-between",
          "paddingVertical": 12,
        }
      }
    >
      <View
        style={
          {
            "flex": 1,
            "justifyContent": "center",
          }
        }
      >
        <Text
          style={
            [
              {
                "color": "#000",
                "fontSize": 16,
                "fontWeight": "bold",
                "lineHeight": 22,
                "textAlign": "left",
                "textTransform": "none",
              },
              undefined,
            ]
          }
        >
          01:00 AM
        </Text>
      </View>
      <Text
        style={
          [
            {
              "color": "rgb(0, 122, 255)",
              "fontSize": 12,
              "fontWeight": "bold",
              "lineHeight": 16,
              "textAlign": "left",
              "textTransform": "none",
            },
            {
              "textTransform": "capitalize",
            },
          ]
        }
      >
        1
        째C
      </Text>
      <Image
        source={
          {
            "uri": "https://cdn.weatherapi.com/weather/64x64/night/266.png",
          }
        }
        style={
          {
            "height": 30,
            "width": 30,
          }
        }
      />
      <View
        style={
          {
            "flex": 1,
            "justifyContent": "center",
          }
        }
      >
        <Text
          style={
            [
              {
                "color": "rgb(0, 122, 255)",
                "fontSize": 12,
                "fontWeight": "bold",
                "lineHeight": 16,
                "textAlign": "right",
                "textTransform": "uppercase",
              },
              {
                "textTransform": "capitalize",
              },
            ]
          }
        >
          Light drizzle
        </Text>
      </View>
    </View>
    <View
      style={
        {
          "alignItems": "center",
          "borderBottomColor": "rgb(0, 122, 255)",
          "borderBottomWidth": 0.5,
          "flex": 1,
          "flexDirection": "row",
          "gap": 16,
          "justifyContent": "space-between",
          "paddingVertical": 12,
        }
      }
    >
      <View
        style={
          {
            "flex": 1,
            "justifyContent": "center",
          }
        }
      >
        <Text
          style={
            [
              {
                "color": "#000",
                "fontSize": 16,
                "fontWeight": "bold",
                "lineHeight": 22,
                "textAlign": "left",
                "textTransform": "none",
              },
              undefined,
            ]
          }
        >
          02:00 AM
        </Text>
      </View>
      <Text
        style={
          [
            {
              "color": "rgb(0, 122, 255)",
              "fontSize": 12,
              "fontWeight": "bold",
              "lineHeight": 16,
              "textAlign": "left",
              "textTransform": "none",
            },
            {
              "textTransform": "capitalize",
            },
          ]
        }
      >
        -3
        째C
      </Text>
      <Image
        source={
          {
            "uri": "https://cdn.weatherapi.com/weather/64x64/night/266.png",
          }
        }
        style={
          {
            "height": 30,
            "width": 30,
          }
        }
      />
      <View
        style={
          {
            "flex": 1,
            "justifyContent": "center",
          }
        }
      >
        <Text
          style={
            [
              {
                "color": "rgb(0, 122, 255)",
                "fontSize": 12,
                "fontWeight": "bold",
                "lineHeight": 16,
                "textAlign": "right",
                "textTransform": "uppercase",
              },
              {
                "textTransform": "capitalize",
              },
            ]
          }
        >
          Light drizzle
        </Text>
      </View>
    </View>
    <View
      style={
        {
          "alignItems": "center",
          "borderBottomColor": "rgb(0, 122, 255)",
          "borderBottomWidth": 0.5,
          "flex": 1,
          "flexDirection": "row",
          "gap": 16,
          "justifyContent": "space-between",
          "paddingVertical": 12,
        }
      }
    >
      <View
        style={
          {
            "flex": 1,
            "justifyContent": "center",
          }
        }
      >
        <Text
          style={
            [
              {
                "color": "#000",
                "fontSize": 16,
                "fontWeight": "bold",
                "lineHeight": 22,
                "textAlign": "left",
                "textTransform": "none",
              },
              undefined,
            ]
          }
        >
          03:00 AM
        </Text>
      </View>
      <Text
        style={
          [
            {
              "color": "rgb(0, 122, 255)",
              "fontSize": 12,
              "fontWeight": "bold",
              "lineHeight": 16,
              "textAlign": "left",
              "textTransform": "none",
            },
            {
              "textTransform": "capitalize",
            },
          ]
        }
      >
        -34
        째C
      </Text>
      <Image
        source={
          {
            "uri": "https://cdn.weatherapi.com/weather/64x64/night/266.png",
          }
        }
        style={
          {
            "height": 30,
            "width": 30,
          }
        }
      />
      <View
        style={
          {
            "flex": 1,
            "justifyContent": "center",
          }
        }
      >
        <Text
          style={
            [
              {
                "color": "rgb(0, 122, 255)",
                "fontSize": 12,
                "fontWeight": "bold",
                "lineHeight": 16,
                "textAlign": "right",
                "textTransform": "uppercase",
              },
              {
                "textTransform": "capitalize",
              },
            ]
          }
        >
          Light drizzle
        </Text>
      </View>
    </View>
    <View
      style={
        {
          "alignItems": "center",
          "borderBottomColor": "rgb(0, 122, 255)",
          "borderBottomWidth": 0.5,
          "flex": 1,
          "flexDirection": "row",
          "gap": 16,
          "justifyContent": "space-between",
          "paddingVertical": 12,
        }
      }
    >
      <View
        style={
          {
            "flex": 1,
            "justifyContent": "center",
          }
        }
      >
        <Text
          style={
            [
              {
                "color": "#000",
                "fontSize": 16,
                "fontWeight": "bold",
                "lineHeight": 22,
                "textAlign": "left",
                "textTransform": "none",
              },
              undefined,
            ]
          }
        >
          04:00 AM
        </Text>
      </View>
      <Text
        style={
          [
            {
              "color": "rgb(0, 122, 255)",
              "fontSize": 12,
              "fontWeight": "bold",
              "lineHeight": 16,
              "textAlign": "left",
              "textTransform": "none",
            },
            {
              "textTransform": "capitalize",
            },
          ]
        }
      >
        34
        째C
      </Text>
      <Image
        source={
          {
            "uri": "https://cdn.weatherapi.com/weather/64x64/night/266.png",
          }
        }
        style={
          {
            "height": 30,
            "width": 30,
          }
        }
      />
      <View
        style={
          {
            "flex": 1,
            "justifyContent": "center",
          }
        }
      >
        <Text
          style={
            [
              {
                "color": "rgb(0, 122, 255)",
                "fontSize": 12,
                "fontWeight": "bold",
                "lineHeight": 16,
                "textAlign": "right",
                "textTransform": "uppercase",
              },
              {
                "textTransform": "capitalize",
              },
            ]
          }
        >
          Light drizzle
        </Text>
      </View>
    </View>
  </View>
</RCTScrollView>
`;

exports[`ForecastHourlyTable component renders correctly when providing MockUseCase1WhenNoEnoughDataFound which contains available data if there isn't enough data 1`] = `
<RCTScrollView
  style={
    {
      "maxHeight": 500,
    }
  }
>
  <View>
    <View
      style={
        {
          "alignItems": "center",
          "borderBottomColor": "rgb(0, 122, 255)",
          "borderBottomWidth": 0.5,
          "flex": 1,
          "flexDirection": "row",
          "gap": 16,
          "justifyContent": "space-between",
          "paddingVertical": 12,
        }
      }
    >
      <View
        style={
          {
            "flex": 1,
            "justifyContent": "center",
          }
        }
      >
        <Text
          style={
            [
              {
                "color": "#000",
                "fontSize": 16,
                "fontWeight": "bold",
                "lineHeight": 22,
                "textAlign": "left",
                "textTransform": "none",
              },
              undefined,
            ]
          }
        >
          Now
        </Text>
      </View>
      <Text
        style={
          [
            {
              "color": "rgb(0, 122, 255)",
              "fontSize": 12,
              "fontWeight": "bold",
              "lineHeight": 16,
              "textAlign": "left",
              "textTransform": "none",
            },
            {
              "textTransform": "capitalize",
            },
          ]
        }
      >
        89
        째C
      </Text>
      <Image
        source={
          {
            "uri": "https://cdn.weatherapi.com/weather/64x64/night/266.png",
          }
        }
        style={
          {
            "height": 30,
            "width": 30,
          }
        }
      />
      <View
        style={
          {
            "flex": 1,
            "justifyContent": "center",
          }
        }
      >
        <Text
          style={
            [
              {
                "color": "rgb(0, 122, 255)",
                "fontSize": 12,
                "fontWeight": "bold",
                "lineHeight": 16,
                "textAlign": "right",
                "textTransform": "uppercase",
              },
              {
                "textTransform": "capitalize",
              },
            ]
          }
        >
          cloudy
        </Text>
      </View>
    </View>
    <View
      style={
        {
          "alignItems": "center",
          "borderBottomColor": "rgb(0, 122, 255)",
          "borderBottomWidth": 0.5,
          "flex": 1,
          "flexDirection": "row",
          "gap": 16,
          "justifyContent": "space-between",
          "paddingVertical": 12,
        }
      }
    >
      <View
        style={
          {
            "flex": 1,
            "justifyContent": "center",
          }
        }
      >
        <Text
          style={
            [
              {
                "color": "#000",
                "fontSize": 16,
                "fontWeight": "bold",
                "lineHeight": 22,
                "textAlign": "left",
                "textTransform": "none",
              },
              undefined,
            ]
          }
        >
          07:00 AM
        </Text>
      </View>
      <Text
        style={
          [
            {
              "color": "rgb(0, 122, 255)",
              "fontSize": 12,
              "fontWeight": "bold",
              "lineHeight": 16,
              "textAlign": "left",
              "textTransform": "none",
            },
            {
              "textTransform": "capitalize",
            },
          ]
        }
      >
        -9
        째C
      </Text>
      <Image
        source={
          {
            "uri": "https://cdn.weatherapi.com/weather/64x64/night/266.png",
          }
        }
        style={
          {
            "height": 30,
            "width": 30,
          }
        }
      />
      <View
        style={
          {
            "flex": 1,
            "justifyContent": "center",
          }
        }
      >
        <Text
          style={
            [
              {
                "color": "rgb(0, 122, 255)",
                "fontSize": 12,
                "fontWeight": "bold",
                "lineHeight": 16,
                "textAlign": "right",
                "textTransform": "uppercase",
              },
              {
                "textTransform": "capitalize",
              },
            ]
          }
        >
          snow
        </Text>
      </View>
    </View>
  </View>
</RCTScrollView>
`;

exports[`ForecastHourlyTable component renders correctly when providing MockUseCase2WhenHasTwoDaysFormattedData which contains next 5 hours when there are two days' data 1`] = `
<RCTScrollView
  style={
    {
      "maxHeight": 500,
    }
  }
>
  <View>
    <View
      style={
        {
          "alignItems": "center",
          "borderBottomColor": "rgb(0, 122, 255)",
          "borderBottomWidth": 0.5,
          "flex": 1,
          "flexDirection": "row",
          "gap": 16,
          "justifyContent": "space-between",
          "paddingVertical": 12,
        }
      }
    >
      <View
        style={
          {
            "flex": 1,
            "justifyContent": "center",
          }
        }
      >
        <Text
          style={
            [
              {
                "color": "#000",
                "fontSize": 16,
                "fontWeight": "bold",
                "lineHeight": 22,
                "textAlign": "left",
                "textTransform": "none",
              },
              undefined,
            ]
          }
        >
          Now
        </Text>
      </View>
      <Text
        style={
          [
            {
              "color": "rgb(0, 122, 255)",
              "fontSize": 12,
              "fontWeight": "bold",
              "lineHeight": 16,
              "textAlign": "left",
              "textTransform": "none",
            },
            {
              "textTransform": "capitalize",
            },
          ]
        }
      >
        -9
        째C
      </Text>
      <Image
        source={
          {
            "uri": "https://cdn.weatherapi.com/weather/64x64/night/266.png",
          }
        }
        style={
          {
            "height": 30,
            "width": 30,
          }
        }
      />
      <View
        style={
          {
            "flex": 1,
            "justifyContent": "center",
          }
        }
      >
        <Text
          style={
            [
              {
                "color": "rgb(0, 122, 255)",
                "fontSize": 12,
                "fontWeight": "bold",
                "lineHeight": 16,
                "textAlign": "right",
                "textTransform": "uppercase",
              },
              {
                "textTransform": "capitalize",
              },
            ]
          }
        >
          rain
        </Text>
      </View>
    </View>
    <View
      style={
        {
          "alignItems": "center",
          "borderBottomColor": "rgb(0, 122, 255)",
          "borderBottomWidth": 0.5,
          "flex": 1,
          "flexDirection": "row",
          "gap": 16,
          "justifyContent": "space-between",
          "paddingVertical": 12,
        }
      }
    >
      <View
        style={
          {
            "flex": 1,
            "justifyContent": "center",
          }
        }
      >
        <Text
          style={
            [
              {
                "color": "#000",
                "fontSize": 16,
                "fontWeight": "bold",
                "lineHeight": 22,
                "textAlign": "left",
                "textTransform": "none",
              },
              undefined,
            ]
          }
        >
          11:00 PM
        </Text>
      </View>
      <Text
        style={
          [
            {
              "color": "rgb(0, 122, 255)",
              "fontSize": 12,
              "fontWeight": "bold",
              "lineHeight": 16,
              "textAlign": "left",
              "textTransform": "none",
            },
            {
              "textTransform": "capitalize",
            },
          ]
        }
      >
        -29
        째C
      </Text>
      <Image
        source={
          {
            "uri": "https://cdn.weatherapi.com/weather/64x64/night/266.png",
          }
        }
        style={
          {
            "height": 30,
            "width": 30,
          }
        }
      />
      <View
        style={
          {
            "flex": 1,
            "justifyContent": "center",
          }
        }
      >
        <Text
          style={
            [
              {
                "color": "rgb(0, 122, 255)",
                "fontSize": 12,
                "fontWeight": "bold",
                "lineHeight": 16,
                "textAlign": "right",
                "textTransform": "uppercase",
              },
              {
                "textTransform": "capitalize",
              },
            ]
          }
        >
          snow
        </Text>
      </View>
    </View>
    <View
      style={
        {
          "alignItems": "center",
          "borderBottomColor": "rgb(0, 122, 255)",
          "borderBottomWidth": 0.5,
          "flex": 1,
          "flexDirection": "row",
          "gap": 16,
          "justifyContent": "space-between",
          "paddingVertical": 12,
        }
      }
    >
      <View
        style={
          {
            "flex": 1,
            "justifyContent": "center",
          }
        }
      >
        <Text
          style={
            [
              {
                "color": "#000",
                "fontSize": 16,
                "fontWeight": "bold",
                "lineHeight": 22,
                "textAlign": "left",
                "textTransform": "none",
              },
              undefined,
            ]
          }
        >
          12:00 AM
        </Text>
      </View>
      <Text
        style={
          [
            {
              "color": "rgb(0, 122, 255)",
              "fontSize": 12,
              "fontWeight": "bold",
              "lineHeight": 16,
              "textAlign": "left",
              "textTransform": "none",
            },
            {
              "textTransform": "capitalize",
            },
          ]
        }
      >
        3
        째C
      </Text>
      <Image
        source={
          {
            "uri": "https://cdn.weatherapi.com/weather/64x64/night/266.png",
          }
        }
        style={
          {
            "height": 30,
            "width": 30,
          }
        }
      />
      <View
        style={
          {
            "flex": 1,
            "justifyContent": "center",
          }
        }
      >
        <Text
          style={
            [
              {
                "color": "rgb(0, 122, 255)",
                "fontSize": 12,
                "fontWeight": "bold",
                "lineHeight": 16,
                "textAlign": "right",
                "textTransform": "uppercase",
              },
              {
                "textTransform": "capitalize",
              },
            ]
          }
        >
          Light drizzle
        </Text>
      </View>
    </View>
    <View
      style={
        {
          "alignItems": "center",
          "borderBottomColor": "rgb(0, 122, 255)",
          "borderBottomWidth": 0.5,
          "flex": 1,
          "flexDirection": "row",
          "gap": 16,
          "justifyContent": "space-between",
          "paddingVertical": 12,
        }
      }
    >
      <View
        style={
          {
            "flex": 1,
            "justifyContent": "center",
          }
        }
      >
        <Text
          style={
            [
              {
                "color": "#000",
                "fontSize": 16,
                "fontWeight": "bold",
                "lineHeight": 22,
                "textAlign": "left",
                "textTransform": "none",
              },
              undefined,
            ]
          }
        >
          01:00 AM
        </Text>
      </View>
      <Text
        style={
          [
            {
              "color": "rgb(0, 122, 255)",
              "fontSize": 12,
              "fontWeight": "bold",
              "lineHeight": 16,
              "textAlign": "left",
              "textTransform": "none",
            },
            {
              "textTransform": "capitalize",
            },
          ]
        }
      >
        1
        째C
      </Text>
      <Image
        source={
          {
            "uri": "https://cdn.weatherapi.com/weather/64x64/night/266.png",
          }
        }
        style={
          {
            "height": 30,
            "width": 30,
          }
        }
      />
      <View
        style={
          {
            "flex": 1,
            "justifyContent": "center",
          }
        }
      >
        <Text
          style={
            [
              {
                "color": "rgb(0, 122, 255)",
                "fontSize": 12,
                "fontWeight": "bold",
                "lineHeight": 16,
                "textAlign": "right",
                "textTransform": "uppercase",
              },
              {
                "textTransform": "capitalize",
              },
            ]
          }
        >
          Light drizzle
        </Text>
      </View>
    </View>
    <View
      style={
        {
          "alignItems": "center",
          "borderBottomColor": "rgb(0, 122, 255)",
          "borderBottomWidth": 0.5,
          "flex": 1,
          "flexDirection": "row",
          "gap": 16,
          "justifyContent": "space-between",
          "paddingVertical": 12,
        }
      }
    >
      <View
        style={
          {
            "flex": 1,
            "justifyContent": "center",
          }
        }
      >
        <Text
          style={
            [
              {
                "color": "#000",
                "fontSize": 16,
                "fontWeight": "bold",
                "lineHeight": 22,
                "textAlign": "left",
                "textTransform": "none",
              },
              undefined,
            ]
          }
        >
          02:00 AM
        </Text>
      </View>
      <Text
        style={
          [
            {
              "color": "rgb(0, 122, 255)",
              "fontSize": 12,
              "fontWeight": "bold",
              "lineHeight": 16,
              "textAlign": "left",
              "textTransform": "none",
            },
            {
              "textTransform": "capitalize",
            },
          ]
        }
      >
        -3
        째C
      </Text>
      <Image
        source={
          {
            "uri": "https://cdn.weatherapi.com/weather/64x64/night/266.png",
          }
        }
        style={
          {
            "height": 30,
            "width": 30,
          }
        }
      />
      <View
        style={
          {
            "flex": 1,
            "justifyContent": "center",
          }
        }
      >
        <Text
          style={
            [
              {
                "color": "rgb(0, 122, 255)",
                "fontSize": 12,
                "fontWeight": "bold",
                "lineHeight": 16,
                "textAlign": "right",
                "textTransform": "uppercase",
              },
              {
                "textTransform": "capitalize",
              },
            ]
          }
        >
          Light drizzle
        </Text>
      </View>
    </View>
  </View>
</RCTScrollView>
`;

exports[`ForecastHourlyTable component renders correctly when providing empty array 1`] = `
<RCTScrollView
  style={
    {
      "maxHeight": 500,
    }
  }
>
  <View />
</RCTScrollView>
`;
